maths.c:46:7:sin_approx	32	static
maths.c:58:7:cos_approx	16	static
maths.c:67:7:atan2_approx	56	static
maths.c:94:7:acos_approx	32	static
maths.c:105:5:gcd	16	static
maths.c:114:7:powerf	24	static
maths.c:121:9:applyDeadband	24	static
maths.c:130:7:fapplyDeadband	16	static
maths.c:139:6:devClear	16	static
maths.c:144:6:devPush	24	static
maths.c:158:7:devVariance	24	static
maths.c:163:7:devStandardDeviation	16	static
maths.c:168:7:degreesToRadians	16	static
maths.c:173:5:scaleRange	32	static
maths.c:179:7:scaleRangef	40	static
maths.c:186:6:normalizeV	32	static
maths.c:198:6:buildRotationMatrix	56	static
maths.c:226:6:applyRotation	40	static
maths.c:237:6:rotateV	64	static
maths.c:257:9:quickMedianFilter3	48	static
maths.c:266:9:quickMedianFilter5	72	static
maths.c:277:9:quickMedianFilter7	104	static
maths.c:290:9:quickMedianFilter9	136	static
maths.c:305:7:quickMedianFilter3f	48	static
maths.c:314:7:quickMedianFilter5f	72	static
maths.c:325:7:quickMedianFilter7f	104	static
maths.c:338:7:quickMedianFilter9f	136	static
maths.c:353:6:arraySubInt32	32	static
maths.c:360:9:qPercent	16	static
maths.c:364:9:qMultiply	16	static
maths.c:368:10:qConstruct	16	static
