filter.c:34:7:nullFilterApply	16	static
filter.c:42:7:pt1FilterGain	24	static
filter.c:48:6:pt1FilterInit	16	static
filter.c:54:6:pt1FilterUpdateCutoff	16	static
filter.c:59:7:pt1FilterApply	16	static
filter.c:67:7:pt2FilterGain	32	static
filter.c:77:6:pt2FilterInit	16	static
filter.c:84:6:pt2FilterUpdateCutoff	16	static
filter.c:89:7:pt2FilterApply	16	static
filter.c:98:7:pt3FilterGain	32	static
filter.c:108:6:pt3FilterInit	16	static
filter.c:116:6:pt3FilterUpdateCutoff	16	static
filter.c:121:7:pt3FilterApply	16	static
filter.c:132:6:slewFilterInit	24	static
filter.c:139:7:slewFilterApply	16	static
filter.c:157:7:filterGetNotchQ	16	static
filter.c:163:6:biquadFilterInitLPF	24	static
filter.c:168:6:biquadFilterInit	32	static
filter.c:177:6:biquadFilterUpdate	56	static
filter.c:224:6:biquadFilterUpdateLPF	24	static
filter.c:230:7:biquadFilterApplyDF1	24	static
filter.c:247:7:biquadFilterApplyDF1Weighted	24	static
filter.c:257:7:biquadFilterApply	24	static
filter.c:267:6:laggedMovingAverageInit	24	static
filter.c:277:7:laggedMovingAverageUpdate	24	static
filter.c:294:9:simpleLPFilterUpdate	24	static
filter.c:303:6:simpleLPFilterInit	24	static
