main.c:148:6:HAL_TIM_PeriodElapsedCallback	16	static
main.c:165:6:HAL_UART_TxCpltCallback	16	static
main.c:176:6:HAL_UART_RxCpltCallback	80	static
main.c:252:5:main	8	static
main.c:396:6:SystemClock_Config	88	static
main.c:440:13:MX_I2C1_Init	8	static
main.c:474:13:MX_I2C2_Init	8	static
main.c:508:13:MX_TIM1_Init	56	static
main.c:576:13:MX_TIM3_Init	32	static
main.c:621:13:MX_TIM4_Init	32	static
main.c:666:13:MX_TIM5_Init	32	static
main.c:711:13:MX_USART1_UART_Init	8	static
main.c:744:13:MX_USART2_UART_Init	8	static
main.c:777:13:MX_USART6_UART_Init	8	static
main.c:808:13:MX_DMA_Init	16	static
main.c:833:13:MX_GPIO_Init	48	static
main.c:873:6:HAL_TIM_IC_CaptureCallback	16	static
main.c:879:6:HAL_I2C_MemRxCpltCallback	16	static
main.c:889:6:Error_Handler	4	static,ignoring_inline_asm
